exports[`validateSchema with invalid JSON raises if invalid JSON 1`] = `"Could not parse JSON: SyntaxError: Unexpected end of JSON input"`;
